crear entorno
conda create -n nombre_del_entorno python=3.6 <- version de python a instalar en el entorno

Para saber que paquetes tenemos instalados en nuestro entorno
(facebook) C:\Users\usuario>pip freeze

recoger variables de heroku con distintos lenguajes
https://www.youtube.com/watch?v=XL9cNMMJf7A&ab_channel=Heroku


instalar paquetes->
Microsoft Windows [Versión 10.0.18363.1139]
(c) 2019 Microsoft Corporation. Todos los derechos reservados.

C:\Users\dguerrac\git\bot-ia-facebook>py app.py
"py" no se reconoce como un comando interno o externo,
programa o archivo por lotes ejecutable.


C:\Users\dguerrac\git\bot-ia-facebook>py app.py
Traceback (most recent call last):
  File "C:\Users\dguerrac\git\bot-ia-facebook\app.py", line 1, in <module>
    from flask import Flask, request
ModuleNotFoundError: No module named 'flask'

C:\Users\dguerrac\git\bot-ia-facebook>pip freeze
"pip" no se reconoce como un comando interno o externo,
programa o archivo por lotes ejecutable.

C:\Users\dguerrac\git\bot-ia-facebook>conda create -n nombre_del_entorno python=3.6
"conda" no se reconoce como un comando interno o externo,
programa o archivo por lotes ejecutable.

C:\Users\dguerrac\git\bot-ia-facebook>pip
"pip" no se reconoce como un comando interno o externo,
programa o archivo por lotes ejecutable.

C:\Users\dguerrac\git\bot-ia-facebook> py -3 -m venv venv

C:\Users\dguerrac\git\bot-ia-facebook>venv\Scripts\activate

(venv) C:\Users\dguerrac\git\bot-ia-facebook>cd venv\Scripts\activate
El nombre del directorio no es válido.

(venv) C:\Users\dguerrac\git\bot-ia-facebook>cd venv

(venv) C:\Users\dguerrac\git\bot-ia-facebook\venv>cd Scripts

(venv) C:\Users\dguerrac\git\bot-ia-facebook\venv\Scripts>cd activate
El nombre del directorio no es válido.

(venv) C:\Users\dguerrac\git\bot-ia-facebook\venv\Scripts> set FLASK_APP=hello

(venv) C:\Users\dguerrac\git\bot-ia-facebook\venv\Scripts>cd ..

(venv) C:\Users\dguerrac\git\bot-ia-facebook\venv>cd ..

(venv) C:\Users\dguerrac\git\bot-ia-facebook>flask run
 * Serving Flask app "hello"
 * Environment: production
   WARNING: This is a development server. Do not use it in a production deployment.
   Use a production WSGI server instead.
 * Debug mode: off
Usage: flask run [OPTIONS]

Error: Could not import "hello".

(venv) C:\Users\dguerrac\git\bot-ia-facebook>set FLASK_APP=hello

(venv) C:\Users\dguerrac\git\bot-ia-facebook>flask run
 * Serving Flask app "hello"
 * Environment: production
   WARNING: This is a development server. Do not use it in a production deployment.
   Use a production WSGI server instead.
 * Debug mode: off
Usage: flask run [OPTIONS]

Error: Could not import "hello".

(venv) C:\Users\dguerrac\git\bot-ia-facebook>python -m pip install Flask==1.1.1
Collecting Flask==1.1.1
  Downloading Flask-1.1.1-py2.py3-none-any.whl (94 kB)
     |████████████████████████████████| 94 kB 508 kB/s
Requirement already satisfied: Werkzeug>=0.15 in c:\users\dguerrac\git\bot-ia-facebook\venv\lib\site-packages (from Flask==1.1.1) (1.0.1)
Requirement already satisfied: itsdangerous>=0.24 in c:\users\dguerrac\git\bot-ia-facebook\venv\lib\site-packages (from Flask==1.1.1) (1.1.0)
Requirement already satisfied: click>=5.1 in c:\users\dguerrac\git\bot-ia-facebook\venv\lib\site-packages (from Flask==1.1.1) (7.1.2)
Requirement already satisfied: Jinja2>=2.10.1 in c:\users\dguerrac\git\bot-ia-facebook\venv\lib\site-packages (from Flask==1.1.1) (2.11.2)
Requirement already satisfied: MarkupSafe>=0.23 in c:\users\dguerrac\git\bot-ia-facebook\venv\lib\site-packages (from Jinja2>=2.10.1->Flask==1.1.1) (1.1.1)
Installing collected packages: Flask
  Attempting uninstall: Flask
    Found existing installation: Flask 1.1.2
    Uninstalling Flask-1.1.2:
      Successfully uninstalled Flask-1.1.2
Successfully installed Flask-1.1.1
WARNING: You are using pip version 20.2.3; however, version 20.2.4 is available.
You should consider upgrading via the 'C:\Users\dguerrac\git\bot-ia-facebook\venv\Scripts\python.exe -m pip install --upgrade pip' command.

(venv) C:\Users\dguerrac\git\bot-ia-facebook>python -m pip freeze > requirements.txt

(venv) C:\Users\dguerrac\git\bot-ia-facebook>py app.py
Traceback (most recent call last):
  File "C:\Users\dguerrac\git\bot-ia-facebook\app.py", line 2, in <module>
    from bot import Bot
  File "C:\Users\dguerrac\git\bot-ia-facebook\bot.py", line 1, in <module>
    import requests
ModuleNotFoundError: No module named 'requests'

(venv) C:\Users\dguerrac\git\bot-ia-facebook>python3.4 -m pip install
"python3.4" no se reconoce como un comando interno o externo,
programa o archivo por lotes ejecutable.

(venv) C:\Users\dguerrac\git\bot-ia-facebook>pip3.4 install requests
"pip3.4" no se reconoce como un comando interno o externo,
programa o archivo por lotes ejecutable.

(venv) C:\Users\dguerrac\git\bot-ia-facebook>pip install requests
Collecting requests
  Downloading requests-2.25.0-py2.py3-none-any.whl (61 kB)
     |████████████████████████████████| 61 kB 643 kB/s
Collecting certifi>=2017.4.17
  Downloading certifi-2020.11.8-py2.py3-none-any.whl (155 kB)
     |████████████████████████████████| 155 kB 2.2 MB/s
Collecting chardet<4,>=3.0.2
  Downloading chardet-3.0.4-py2.py3-none-any.whl (133 kB)
     |████████████████████████████████| 133 kB 6.8 MB/s
Collecting idna<3,>=2.5
  Downloading idna-2.10-py2.py3-none-any.whl (58 kB)
     |████████████████████████████████| 58 kB 609 kB/s
Collecting urllib3<1.27,>=1.21.1
  Downloading urllib3-1.26.2-py2.py3-none-any.whl (136 kB)
     |████████████████████████████████| 136 kB 3.2 MB/s
Installing collected packages: certifi, chardet, idna, urllib3, requests
Successfully installed certifi-2020.11.8 chardet-3.0.4 idna-2.10 requests-2.25.0 urllib3-1.26.2
WARNING: You are using pip version 20.2.3; however, version 20.2.4 is available.
You should consider upgrading via the 'c:\users\dguerrac\git\bot-ia-facebook\venv\scripts\python.exe -m pip install --upgrade pip' command.

(venv) C:\Users\dguerrac\git\bot-ia-facebook>pip install flask
Requirement already satisfied: flask in c:\users\dguerrac\git\bot-ia-facebook\venv\lib\site-packages (1.1.1)
Requirement already satisfied: click>=5.1 in c:\users\dguerrac\git\bot-ia-facebook\venv\lib\site-packages (from flask) (7.1.2)
Requirement already satisfied: itsdangerous>=0.24 in c:\users\dguerrac\git\bot-ia-facebook\venv\lib\site-packages (from flask) (1.1.0)
Requirement already satisfied: Werkzeug>=0.15 in c:\users\dguerrac\git\bot-ia-facebook\venv\lib\site-packages (from flask) (1.0.1)
Requirement already satisfied: Jinja2>=2.10.1 in c:\users\dguerrac\git\bot-ia-facebook\venv\lib\site-packages (from flask) (2.11.2)
Requirement already satisfied: MarkupSafe>=0.23 in c:\users\dguerrac\git\bot-ia-facebook\venv\lib\site-packages (from Jinja2>=2.10.1->flask) (1.1.1)
WARNING: You are using pip version 20.2.3; however, version 20.2.4 is available.
You should consider upgrading via the 'c:\users\dguerrac\git\bot-ia-facebook\venv\scripts\python.exe -m pip install --upgrade pip' command.

(venv) C:\Users\dguerrac\git\bot-ia-facebook>c:\users\dguerrac\git\bot-ia-facebook\venv\scripts\python.exe -m pip install --upgrade pip
Collecting pip
  Downloading pip-20.2.4-py2.py3-none-any.whl (1.5 MB)
     |████████████████████████████████| 1.5 MB 67 kB/s
Installing collected packages: pip
  Attempting uninstall: pip
    Found existing installation: pip 20.2.3
    Uninstalling pip-20.2.3:
      Successfully uninstalled pip-20.2.3
Successfully installed pip-20.2.4

(venv) C:\Users\dguerrac\git\bot-ia-facebook>py app.py
 * Serving Flask app "app" (lazy loading)
 * Environment: production
   WARNING: This is a development server. Do not use it in a production deployment.
   Use a production WSGI server instead.
 * Debug mode: on
 * Restarting with stat
 * Debugger is active!
 * Debugger PIN: 277-026-486
 * Running on http://127.0.0.1:5000/ (Press CTRL+C to quit)
127.0.0.1 - - [21/Nov/2020 01:21:54] "?[37mGET / HTTP/1.1?[0m" 200 -
127.0.0.1 - - [21/Nov/2020 01:21:54] "?[33mGET /favicon.ico HTTP/1.1?[0m" 404 -
127.0.0.1 - - [21/Nov/2020 01:23:40] "?[37mGET /?token=hub.verify_token HTTP/1.1?[0m" 200 -
127.0.0.1 - - [21/Nov/2020 01:24:48] "?[37mGET /?token=VERIFY_TOKEN&mode=MODE HTTP/1.1?[0m" 200 -
127.0.0.1 - - [21/Nov/2020 01:25:31] "?[37mGET /?hub.verify_token=VERIFY_TOKEN&hub.mode=MODE HTTP/1.1?[0m" 200 -
